// Jest Snapshot v1, https://goo.gl/fbAQLP

exports[`renders correctly when there are no items 1`] = `
Array [
  <header
    className="nhsuk-header header"
    role="banner"
  >
    <div
      className="nhsuk-width-container nhsuk-header__container"
    >
      <div
        className="nhsuk-header__logo"
      >
        <a
          aria-label="Trainee Self-Service homepage"
          href="/"
          style={
            Object {
              "display": "block",
            }
          }
        >
          <img
            alt=""
            height="48"
            src="nhs-hee-logo-rev.svg"
            width="230"
          />
        </a>
      </div>
    </div>
  </header>,
  <main
    className="nhsuk-main-wrapper"
    id="maincontent"
  >
    <div
      className="nhsuk-width-container"
    >
      <div
        className="row"
      >
        <div
          className="colText"
        >
          <h1
            className="nhsuk-u-padding-0 nhsuk-u-margin-bottom-2"
          >
            Trainee Self-Service
          </h1>
          <hr
            className="nhsuk-u-padding-0 nhsuk-u-margin-3"
          />
          <p>
            Trainee Self-Service enables trainees to log in and see some data HEE hold about them and undertake the Form R process for junior doctors.
          </p>
          <p>
            For further information and support, visit the
             
            <a
              href="https://tis-support.hee.nhs.uk"
              style={
                Object {
                  "whiteSpace": "nowrap",
                }
              }
            >
              TIS Support website
            </a>
            .
          </p>
        </div>
        <div
          className="colForm"
        >
          <div
            className="Section__container___3YYTG"
            style={Object {}}
          />
        </div>
      </div>
    </div>
  </main>,
  <footer>
    <div
      className="nhsuk-footer"
    >
      <div
        className="nhsuk-width-container"
      >
        <h2
          className="nhsuk-u-visually-hidden"
        >
          Support links
        </h2>
        <ul
          className="nhsuk-footer__list"
        >
          <li
            className="nhsuk-footer__list-item"
          >
            <a
              className="nhsuk-footer__list-item-link refLink"
              data-cy="linkSupport"
              href="https://tis-support.hee.nhs.uk"
            >
              Contact us
            </a>
          </li>
          <li
            className="nhsuk-footer__list-item"
          >
            <a
              className="nhsuk-footer__list-item-link refLink"
              data-cy="linkPrivacyPolicy"
              href="#"
              onClick={[Function]}
            >
              Privacy & cookie policy
            </a>
          </li>
        </ul>
        <p
          className="nhsuk-footer__copyright"
        >
          Â© 
          <a
            href="https://www.hee.nhs.uk"
          >
            hee.nhs.uk
          </a>
        </p>
        <ul
          className="nhsuk-footer__list"
        >
          <li
            className="nhsuk-footer__list-item"
          >
            <a
              className="nhsuk-footer__list-item-link"
            >
              <span
                style={
                  Object {
                    "fontSize": "10pt",
                  }
                }
              >
                version: 0.30.1
              </span>
            </a>
          </li>
        </ul>
      </div>
    </div>
  </footer>,
  <div
    className="cookieConsent-overlay"
    style={Object {}}
  >
    <div
      className="CookieConsent"
      style={
        Object {
          "bottom": "0",
        }
      }
    >
      <div
        className="cookieConsent-content"
        style={Object {}}
      >
        <h3>
          Your consent is required.
        </h3>
        <p>
          We use necessary cookies to make our site work and analytics cookies to help us improve it. In order use this site, you must agree to the storing of such cookies on your device by clicking 'Accept and close'. To learn more about how we use cookies and your data, please see our
           
          <a
            href="/"
            onClick={[Function]}
            style={
              Object {
                "color": "white",
              }
            }
          >
            privacy policy
          </a>
          .
        </p>
      </div>
      <div
        className="cookieConsent-button-wrapper"
      >
        <button
          aria-label="Accept cookies"
          className="nhsuk-button nhsuk-button--reverse"
          id="rcc-confirm-button"
          onClick={[Function]}
          style={Object {}}
        >
          Accept and close
        </button>
      </div>
    </div>
  </div>,
]
`;
